// Jest Snapshot v1, https://goo.gl/fbAQLP

exports[`MovieDetails snapshot test 1`] = `ShallowWrapper {}`;
